// Jest Snapshot v1, https://goo.gl/fbAQLP

exports[`ArtistQuestionScreen компонент рендерится корректно 1`] = `
<section
  className="game__screen"
>
  <h2
    className="game__title"
  >
    Кто исполняет эту песню?
  </h2>
  <div
    className="game__track"
  >
    <div
      className="track"
    />
  </div>
  <form
    className="game__artist"
    onChange={[Function]}
  >
    <div
      className="artist"
    >
      <input
        className="artist__input visually-hidden"
        id="answer-0"
        name="answer"
        type="radio"
        value="answer-0"
      />
      <label
        className="artist__name"
        htmlFor="answer-0"
      >
        <img
          alt="John Snow"
          className="artist__picture"
          src="http://placehold.it/134x134"
        />
        John Snow
      </label>
    </div>
    <div
      className="artist"
    >
      <input
        className="artist__input visually-hidden"
        id="answer-1"
        name="answer"
        type="radio"
        value="answer-1"
      />
      <label
        className="artist__name"
        htmlFor="answer-1"
      >
        <img
          alt="Jack Daniels"
          className="artist__picture"
          src="http://placehold.it/134x134"
        />
        Jack Daniels
      </label>
    </div>
    <div
      className="artist"
    >
      <input
        className="artist__input visually-hidden"
        id="answer-2"
        name="answer"
        type="radio"
        value="answer-2"
      />
      <label
        className="artist__name"
        htmlFor="answer-2"
      >
        <img
          alt="Checkie Brown"
          className="artist__picture"
          src="http://placehold.it/134x134"
        />
        Checkie Brown
      </label>
    </div>
  </form>
</section>
`;
